╭────────────────────────╮
│ >_ Baybo TUI (vX.Y.Z)  │
│                        │
│ session: smoke-session │
╰────────────────────────╯
type / for commands · /quit or Ctrl-D twice to leave

> hello there

● stub-reply for: hello there


┌ input ────────────────────────────────────────────── shift+enter · alt+enter = newline ┐
│                                                                                        │
└────────────────────────────────────────────────────────────────────────────────────────┘